GoodPlayer: true
fuck: false
hitler: false
